c:\users\comps\source\repos\dsausingcpp\dsausingcpp\x64\debug\vc143.pdb
c:\users\comps\source\repos\dsausingcpp\dsausingcpp\x64\debug\vc143.idb
c:\users\comps\source\repos\dsausingcpp\dsausingcpp\x64\debug\vectoruse.obj
c:\users\comps\source\repos\dsausingcpp\dsausingcpp\x64\debug\sumofarray.obj
c:\users\comps\source\repos\dsausingcpp\dsausingcpp\x64\debug\studentstaticmembers.obj
c:\users\comps\source\repos\dsausingcpp\dsausingcpp\x64\debug\studentinitializationlist.obj
c:\users\comps\source\repos\dsausingcpp\dsausingcpp\x64\debug\student.obj
c:\users\comps\source\repos\dsausingcpp\dsausingcpp\x64\debug\selectionsorttest.obj
c:\users\comps\source\repos\dsausingcpp\dsausingcpp\x64\debug\selectionsort.obj
c:\users\comps\source\repos\dsausingcpp\dsausingcpp\x64\debug\optimizedbubblesort.obj
c:\users\comps\source\repos\dsausingcpp\dsausingcpp\x64\debug\main.obj
c:\users\comps\source\repos\dsausingcpp\dsausingcpp\x64\debug\issorted.obj
c:\users\comps\source\repos\dsausingcpp\dsausingcpp\x64\debug\fractionuse.obj
c:\users\comps\source\repos\dsausingcpp\dsausingcpp\x64\debug\fraction.obj
c:\users\comps\source\repos\dsausingcpp\dsausingcpp\x64\debug\dynamicarrayuse.obj
c:\users\comps\source\repos\dsausingcpp\dsausingcpp\x64\debug\dynamicarray.obj
c:\users\comps\source\repos\dsausingcpp\dsausingcpp\x64\debug\bubblesort.obj
c:\users\comps\source\repos\dsausingcpp\dsausingcpp\x64\debug\ispresent.obj
c:\users\comps\source\repos\dsausingcpp\x64\debug\dsausingcpp.exe
c:\users\comps\source\repos\dsausingcpp\x64\debug\dsausingcpp.pdb
c:\users\comps\source\repos\dsausingcpp\dsausingcpp\x64\debug\dsausingcpp.ilk
c:\users\comps\source\repos\dsausingcpp\dsausingcpp\x64\debug\dsausingcpp.tlog\cl.command.1.tlog
c:\users\comps\source\repos\dsausingcpp\dsausingcpp\x64\debug\dsausingcpp.tlog\cl.items.tlog
c:\users\comps\source\repos\dsausingcpp\dsausingcpp\x64\debug\dsausingcpp.tlog\cl.read.1.tlog
c:\users\comps\source\repos\dsausingcpp\dsausingcpp\x64\debug\dsausingcpp.tlog\cl.write.1.tlog
c:\users\comps\source\repos\dsausingcpp\dsausingcpp\x64\debug\dsausingcpp.tlog\link.24228-cvtres.read.1.tlog
c:\users\comps\source\repos\dsausingcpp\dsausingcpp\x64\debug\dsausingcpp.tlog\link.24228-cvtres.write.1.tlog
c:\users\comps\source\repos\dsausingcpp\dsausingcpp\x64\debug\dsausingcpp.tlog\link.24228-rc.read.1.tlog
c:\users\comps\source\repos\dsausingcpp\dsausingcpp\x64\debug\dsausingcpp.tlog\link.24228-rc.write.1.tlog
c:\users\comps\source\repos\dsausingcpp\dsausingcpp\x64\debug\dsausingcpp.tlog\link.24228.read.1.tlog
c:\users\comps\source\repos\dsausingcpp\dsausingcpp\x64\debug\dsausingcpp.tlog\link.24228.read.2.tlog
c:\users\comps\source\repos\dsausingcpp\dsausingcpp\x64\debug\dsausingcpp.tlog\link.24228.write.1.tlog
c:\users\comps\source\repos\dsausingcpp\dsausingcpp\x64\debug\dsausingcpp.tlog\link.command.1.tlog
c:\users\comps\source\repos\dsausingcpp\dsausingcpp\x64\debug\dsausingcpp.tlog\link.read.1.tlog
c:\users\comps\source\repos\dsausingcpp\dsausingcpp\x64\debug\dsausingcpp.tlog\link.secondary.1.tlog
c:\users\comps\source\repos\dsausingcpp\dsausingcpp\x64\debug\dsausingcpp.tlog\link.write.1.tlog
