  database.cpp
C:\Users\CompS\source\repos\DataBase\database.cpp(12,11): error C1083: Cannot open include file: 'unistd.h': No such file or directory
  scanner.cpp
C:\Users\CompS\source\repos\DataBase\scanner.cpp(48,11): warning C4267: 'initializing': conversion from 'size_t' to 'int', possible loss of data
C:\Users\CompS\source\repos\DataBase\scanner.cpp(49,23): error C2131: expression did not evaluate to a constant
      C:\Users\CompS\source\repos\DataBase\scanner.cpp(49,21):
      failure was caused by a read of a variable outside its lifetime
      C:\Users\CompS\source\repos\DataBase\scanner.cpp(49,21):
      see usage of 'n'
  
  Generating Code...

Project Performance Summary:
     4462 ms  C:\Users\CompS\source\repos\DataBase\DataBase.vcxproj   1 calls
               4462 ms  Build                                      1 calls

Target Performance Summary:
        0 ms  PreBuildEvent                              1 calls
        0 ms  BuildGenerateSourcesTraverse               1 calls
        0 ms  SelectClCompile                            1 calls
        0 ms  _SelectedFiles                             1 calls
        0 ms  SelectCustomBuild                          1 calls
        0 ms  ComputeCustomBuildOutput                   1 calls
        0 ms  _Xsd                                       1 calls
        0 ms  MakeDirsForMidl                            1 calls
        0 ms  ComputeMIDLGeneratedCompileInputs          1 calls
        0 ms  AfterMidl                                  1 calls
        0 ms  _Midl                                      1 calls
        0 ms  AfterBuildGenerateSources                  1 calls
        0 ms  AfterBuildGenerateSourcesEvent             1 calls
        0 ms  _BuildGenerateSourcesAction                1 calls
        0 ms  BuildGenerateSources                       1 calls
        0 ms  BeforeClCompile                            1 calls
        0 ms  ComputeCLInputPDBName                      1 calls
        0 ms  FindReferenceAssembliesForReferences       1 calls
        0 ms  GetReferencedVCProjectsInfo                1 calls
        0 ms  WarnCompileDuplicatedFilename              1 calls
        0 ms  ResolveReferences                          1 calls
        0 ms  AfterResolveReferences                     1 calls
        0 ms  BeforeBuildGenerateSources                 1 calls
        0 ms  ExpandSDKReferences                        1 calls
        0 ms  _PrepareForReferenceResolution             1 calls
        0 ms  BeforeResolveReferences                    1 calls
        0 ms  IgnoreJavaScriptOutputAssembly             1 calls
        0 ms  _SplitProjectReferencesByFileExistence     1 calls
        0 ms  _AddOutputPathToGlobalPropertiesToRemove   1 calls
        0 ms  ResolveAssemblyReferences                  1 calls
        0 ms  PrepareProjectReferences                   1 calls
        0 ms  ResolveProjectReferences                   1 calls
        0 ms  GetFrameworkPaths                          1 calls
        0 ms  AddExternalIncludDirectoriesToPaths        1 calls
        0 ms  VcpkgTripletSelection                      1 calls
        0 ms  GetResolvedWinMD                           1 calls
        0 ms  SetCABuildNativeEnvironmentVariables       1 calls
        0 ms  ResolveSDKReferences                       1 calls
        1 ms  ComputeReferenceCLInput                    1 calls
        1 ms  SetBuildDefaultEnvironmentVariables        1 calls
        1 ms  MakeDirsForCl                              1 calls
        1 ms  CopyFileToFolders                          1 calls
        1 ms  SetCppLanguageStandardCapabilities         1 calls
        1 ms  VcpkgCheckManifestRoot                     1 calls
        1 ms  ComputeStdModulesCompileInputs             1 calls
        1 ms  _PrepareForBuild                           1 calls
        1 ms  BuildCompileTraverse                       1 calls
        1 ms  GetReferenceAssemblyPaths                  1 calls
        6 ms  AssignProjectConfiguration                 1 calls
        6 ms  InitializeBuildStatus                      1 calls
        9 ms  CustomBuild                                1 calls
        9 ms  SetTelemetryEnvironmentVariables           1 calls
        9 ms  FixupCLCompileOptions                      1 calls
       16 ms  _CheckWindowsSDKInstalled                  1 calls
       17 ms  PrepareForBuild                            1 calls
       44 ms  _GetProjectReferenceTargetFrameworkProperties   1 calls
       90 ms  _CheckForInvalidConfigurationAndPlatform   1 calls
     4237 ms  ClCompile                                  1 calls

Task Performance Summary:
        0 ms  MSBuild                                    1 calls
        0 ms  SetRidAgnosticValueForProjects             1 calls
        1 ms  Touch                                      1 calls
        1 ms  WriteLinesToFile                           1 calls
        1 ms  CheckVCToolsetVersion                      1 calls
        2 ms  ReadLinesFromFile                          1 calls
        2 ms  MakeDir                                    5 calls
        3 ms  VCMessage                                  1 calls
        5 ms  SetEnv                                    11 calls
        5 ms  AssignProjectConfiguration                 1 calls
        9 ms  GetOutOfDateItems                          3 calls
       11 ms  Message                                    4 calls
     4235 ms  CL                                         1 calls
