  Main.cpp
C:\Users\CompS\source\repos\DSAUsingCPP\Main.cpp(81,6): error C2086: 'int n': redefinition
C:\Users\CompS\source\repos\DSAUsingCPP\Main.cpp(83,6): error C2040: 'a': 'int' differs in levels of indirection from 'int [100]'
C:\Users\CompS\source\repos\DSAUsingCPP\Main.cpp(85,7): error C2088: built-in operator '<<' cannot be applied to an operand of type 'std::ostream'

Project Performance Summary:
      563 ms  C:\Users\CompS\source\repos\DSAUsingCPP\DSAUsingCPP.vcxproj   1 calls
                563 ms  ClCompile                                  1 calls

Target Performance Summary:
        0 ms  AddExternalIncludDirectoriesToPaths        1 calls
        0 ms  WarnCompileDuplicatedFilename              1 calls
        0 ms  GetReferencedVCProjectsInfo                1 calls
        0 ms  FindReferenceAssembliesForReferences       1 calls
        0 ms  ResolveReferences                          1 calls
        0 ms  AfterResolveReferences                     1 calls
        0 ms  ResolveAssemblyReferences                  1 calls
        0 ms  ResolveSDKReferences                       1 calls
        0 ms  ResolveProjectReferences                   1 calls
        0 ms  PrepareProjectReferences                   1 calls
        0 ms  _GetProjectReferenceTargetFrameworkProperties   1 calls
        0 ms  _AddOutputPathToGlobalPropertiesToRemove   1 calls
        0 ms  SelectClCompile                            1 calls
        0 ms  ComputeStdModulesCompileInputs             1 calls
        0 ms  IgnoreJavaScriptOutputAssembly             1 calls
        0 ms  AssignProjectConfiguration                 1 calls
        0 ms  ComputeCLInputPDBName                      1 calls
        0 ms  SetBuildDefaultEnvironmentVariables        1 calls
        0 ms  _PrepareForReferenceResolution             1 calls
        0 ms  GetResolvedWinMD                           1 calls
        0 ms  _CheckWindowsSDKInstalled                  1 calls
        0 ms  GetFrameworkPaths                          1 calls
        0 ms  BeforeResolveReferences                    1 calls
        0 ms  GetReferenceAssemblyPaths                  1 calls
        0 ms  SetCABuildNativeEnvironmentVariables       1 calls
        0 ms  _CheckForInvalidConfigurationAndPlatform   1 calls
        0 ms  SelectCustomBuild                          1 calls
        0 ms  InitializeBuildStatus                      1 calls
        0 ms  _SelectedFiles                             1 calls
        0 ms  ComputeMIDLGeneratedCompileInputs          1 calls
        0 ms  FixupCLCompileOptions                      1 calls
        2 ms  ExpandSDKReferences                        1 calls
        2 ms  ComputeReferenceCLInput                    1 calls
       13 ms  _SplitProjectReferencesByFileExistence     1 calls
       16 ms  PrepareForBuild                            1 calls
      530 ms  ClCompile                                  1 calls

Task Performance Summary:
        0 ms  SetEnv                                     7 calls
        0 ms  Message                                    2 calls
        0 ms  MakeDir                                    2 calls
        0 ms  CheckVCToolsetVersion                      1 calls
        0 ms  VCMessage                                  1 calls
        0 ms  ReadLinesFromFile                          1 calls
        0 ms  WriteLinesToFile                           1 calls
        0 ms  Touch                                      1 calls
        0 ms  AssignProjectConfiguration                 1 calls
        0 ms  MSBuild                                    1 calls
        0 ms  SetRidAgnosticValueForProjects             1 calls
      530 ms  CL                                         1 calls
